------------------------------------------------------------
Timing Analyzer Summary
------------------------------------------------------------

Type  : Slow 1100mV 85C Model Setup 'KEY[0]'
Slack : -5.861
TNS   : -239.265

Type  : Slow 1100mV 85C Model Setup 'CLOCK_50'
Slack : -3.098
TNS   : -3.098

Type  : Slow 1100mV 85C Model Hold 'KEY[0]'
Slack : 0.422
TNS   : 0.000

Type  : Slow 1100mV 85C Model Hold 'CLOCK_50'
Slack : 0.688
TNS   : 0.000

Type  : Slow 1100mV 85C Model Minimum Pulse Width 'CLOCK_50'
Slack : -0.728
TNS   : -1.266

Type  : Slow 1100mV 85C Model Minimum Pulse Width 'KEY[0]'
Slack : -0.538
TNS   : -53.546

Type  : Slow 1100mV 0C Model Setup 'KEY[0]'
Slack : -5.886
TNS   : -235.114

Type  : Slow 1100mV 0C Model Setup 'CLOCK_50'
Slack : -3.062
TNS   : -3.062

Type  : Slow 1100mV 0C Model Hold 'KEY[0]'
Slack : 0.383
TNS   : 0.000

Type  : Slow 1100mV 0C Model Hold 'CLOCK_50'
Slack : 0.557
TNS   : 0.000

Type  : Slow 1100mV 0C Model Minimum Pulse Width 'CLOCK_50'
Slack : -0.728
TNS   : -1.287

Type  : Slow 1100mV 0C Model Minimum Pulse Width 'KEY[0]'
Slack : -0.596
TNS   : -57.306

Type  : Fast 1100mV 85C Model Setup 'KEY[0]'
Slack : -2.431
TNS   : -98.400

Type  : Fast 1100mV 85C Model Setup 'CLOCK_50'
Slack : -2.426
TNS   : -2.426

Type  : Fast 1100mV 85C Model Hold 'KEY[0]'
Slack : 0.172
TNS   : 0.000

Type  : Fast 1100mV 85C Model Hold 'CLOCK_50'
Slack : 0.301
TNS   : 0.000

Type  : Fast 1100mV 85C Model Minimum Pulse Width 'CLOCK_50'
Slack : -0.769
TNS   : -1.353

Type  : Fast 1100mV 85C Model Minimum Pulse Width 'KEY[0]'
Slack : -0.718
TNS   : -51.081

Type  : Fast 1100mV 0C Model Setup 'CLOCK_50'
Slack : -2.238
TNS   : -2.238

Type  : Fast 1100mV 0C Model Setup 'KEY[0]'
Slack : -2.194
TNS   : -86.533

Type  : Fast 1100mV 0C Model Hold 'KEY[0]'
Slack : 0.144
TNS   : 0.000

Type  : Fast 1100mV 0C Model Hold 'CLOCK_50'
Slack : 0.170
TNS   : 0.000

Type  : Fast 1100mV 0C Model Minimum Pulse Width 'CLOCK_50'
Slack : -0.767
TNS   : -1.406

Type  : Fast 1100mV 0C Model Minimum Pulse Width 'KEY[0]'
Slack : -0.744
TNS   : -55.571

------------------------------------------------------------
