Analysis & Synthesis report for Aula8
Sat Apr 22 16:58:17 2023
Quartus Prime Version 20.1.0 Build 711 06/05/2020 SJ Lite Edition


---------------------
; Table of Contents ;
---------------------
  1. Legal Notice
  2. Analysis & Synthesis Summary
  3. Analysis & Synthesis Settings
  4. Parallel Compilation
  5. Analysis & Synthesis Source Files Read
  6. Analysis & Synthesis Resource Usage Summary
  7. Analysis & Synthesis Resource Utilization by Entity
  8. General Register Statistics
  9. Multiplexer Restructuring Statistics (Restructuring Performed)
 10. Parameter Settings for User Entity Instance: Top-level Entity: |Aula8
 11. Parameter Settings for User Entity Instance: memoriaROM:ROM1
 12. Parameter Settings for User Entity Instance: memoriaRAM:RAM1
 13. Parameter Settings for User Entity Instance: registradorGenerico:REG8
 14. Parameter Settings for User Entity Instance: CPU:CPU
 15. Parameter Settings for User Entity Instance: CPU:CPU|muxGenerico2x1:MUX1
 16. Parameter Settings for User Entity Instance: CPU:CPU|muxGenerico4x1:MUX2
 17. Parameter Settings for User Entity Instance: CPU:CPU|registradorGenerico:REGA
 18. Parameter Settings for User Entity Instance: CPU:CPU|registradorGenerico:ENDERECORET
 19. Parameter Settings for User Entity Instance: CPU:CPU|registradorGenerico:PC
 20. Parameter Settings for User Entity Instance: CPU:CPU|somaConstante:incrementaPC
 21. Parameter Settings for User Entity Instance: CPU:CPU|ULASomaSub:ULA1
 22. Parameter Settings for User Entity Instance: registradorGenerico:REG0
 23. Parameter Settings for User Entity Instance: registradorGenerico:REG1
 24. Parameter Settings for User Entity Instance: registradorGenerico:REG2
 25. Parameter Settings for User Entity Instance: registradorGenerico:REG3
 26. Parameter Settings for User Entity Instance: registradorGenerico:REG4
 27. Parameter Settings for User Entity Instance: registradorGenerico:REG5
 28. Port Connectivity Checks: "flipflop:FFRESET"
 29. Port Connectivity Checks: "flipflop:FFKEY1"
 30. Port Connectivity Checks: "flipflop:FFKEY0"
 31. Port Connectivity Checks: "buffer_3_state_8portas:TRI7"
 32. Port Connectivity Checks: "buffer_3_state_8portas:TRI6"
 33. Port Connectivity Checks: "buffer_3_state_8portas:TRI5"
 34. Port Connectivity Checks: "buffer_3_state_8portas:TRI4"
 35. Port Connectivity Checks: "buffer_3_state_8portas:TRI3"
 36. Port Connectivity Checks: "buffer_3_state_8portas:TRI2"
 37. Port Connectivity Checks: "buffer_3_state_8portas:TRI1"
 38. Port Connectivity Checks: "conversorHex7Seg:CHEX5"
 39. Port Connectivity Checks: "conversorHex7Seg:CHEX4"
 40. Port Connectivity Checks: "conversorHex7Seg:CHEX3"
 41. Port Connectivity Checks: "conversorHex7Seg:CHEX2"
 42. Port Connectivity Checks: "conversorHex7Seg:CHEX1"
 43. Port Connectivity Checks: "conversorHex7Seg:CHEX0"
 44. Port Connectivity Checks: "registradorGenerico:REG5"
 45. Port Connectivity Checks: "registradorGenerico:REG4"
 46. Port Connectivity Checks: "registradorGenerico:REG3"
 47. Port Connectivity Checks: "registradorGenerico:REG2"
 48. Port Connectivity Checks: "registradorGenerico:REG1"
 49. Port Connectivity Checks: "registradorGenerico:REG0"
 50. Port Connectivity Checks: "CPU:CPU|flipflop:FLAGZ1"
 51. Port Connectivity Checks: "CPU:CPU|registradorGenerico:PC"
 52. Port Connectivity Checks: "CPU:CPU|registradorGenerico:ENDERECORET"
 53. Port Connectivity Checks: "CPU:CPU|registradorGenerico:REGA"
 54. Port Connectivity Checks: "CPU:CPU|muxGenerico4x1:MUX2"
 55. Port Connectivity Checks: "registradorGenerico:REG8"
 56. Port Connectivity Checks: "flipflop:FF2"
 57. Port Connectivity Checks: "flipflop:FF1"
 58. Port Connectivity Checks: "decoder3x8:DECODER3x82"
 59. Port Connectivity Checks: "decoder3x8:DECODER3x8"
 60. Post-Synthesis Netlist Statistics for Top Partition
 61. Elapsed Time Per Partition
 62. Analysis & Synthesis Messages



----------------
; Legal Notice ;
----------------
Copyright (C) 2020  Intel Corporation. All rights reserved.
Your use of Intel Corporation's design tools, logic functions 
and other software and tools, and any partner logic 
functions, and any output files from any of the foregoing 
(including device programming or simulation files), and any 
associated documentation or information are expressly subject 
to the terms and conditions of the Intel Program License 
Subscription Agreement, the Intel Quartus Prime License Agreement,
the Intel FPGA IP License Agreement, or other applicable license
agreement, including, without limitation, that your use is for
the sole purpose of programming logic devices manufactured by
Intel and sold by Intel or its authorized distributors.  Please
refer to the applicable agreement for further details, at
https://fpgasoftware.intel.com/eula.



+-------------------------------------------------------------------------------+
; Analysis & Synthesis Summary                                                  ;
+---------------------------------+---------------------------------------------+
; Analysis & Synthesis Status     ; Successful - Sat Apr 22 16:58:17 2023       ;
; Quartus Prime Version           ; 20.1.0 Build 711 06/05/2020 SJ Lite Edition ;
; Revision Name                   ; Aula8                                       ;
; Top-level Entity Name           ; Aula8                                       ;
; Family                          ; Cyclone V                                   ;
; Logic utilization (in ALMs)     ; N/A                                         ;
; Total registers                 ; 577                                         ;
; Total pins                      ; 68                                          ;
; Total virtual pins              ; 0                                           ;
; Total block memory bits         ; 0                                           ;
; Total DSP Blocks                ; 0                                           ;
; Total HSSI RX PCSs              ; 0                                           ;
; Total HSSI PMA RX Deserializers ; 0                                           ;
; Total HSSI TX PCSs              ; 0                                           ;
; Total HSSI PMA TX Serializers   ; 0                                           ;
; Total PLLs                      ; 0                                           ;
; Total DLLs                      ; 0                                           ;
+---------------------------------+---------------------------------------------+


+---------------------------------------------------------------------------------------------------------------------------+
; Analysis & Synthesis Settings                                                                                             ;
+---------------------------------------------------------------------------------+--------------------+--------------------+
; Option                                                                          ; Setting            ; Default Value      ;
+---------------------------------------------------------------------------------+--------------------+--------------------+
; Device                                                                          ; 5CEBA4F23C7        ;                    ;
; Top-level entity name                                                           ; Aula8              ; Aula8              ;
; Family name                                                                     ; Cyclone V          ; Cyclone V          ;
; Maximum processors allowed for parallel compilation                             ; All                ;                    ;
; VHDL Show LMF Mapping Messages                                                  ; Off                ;                    ;
; VHDL Version                                                                    ; VHDL_2008          ; VHDL_1993          ;
; Use smart compilation                                                           ; Off                ; Off                ;
; Enable parallel Assembler and Timing Analyzer during compilation                ; On                 ; On                 ;
; Enable compact report table                                                     ; Off                ; Off                ;
; Restructure Multiplexers                                                        ; Auto               ; Auto               ;
; MLAB Add Timing Constraints For Mixed-Port Feed-Through Mode Setting Don't Care ; Off                ; Off                ;
; Create Debugging Nodes for IP Cores                                             ; Off                ; Off                ;
; Preserve fewer node names                                                       ; On                 ; On                 ;
; Intel FPGA IP Evaluation Mode                                                   ; Enable             ; Enable             ;
; Verilog Version                                                                 ; Verilog_2001       ; Verilog_2001       ;
; State Machine Processing                                                        ; Auto               ; Auto               ;
; Safe State Machine                                                              ; Off                ; Off                ;
; Extract Verilog State Machines                                                  ; On                 ; On                 ;
; Extract VHDL State Machines                                                     ; On                 ; On                 ;
; Ignore Verilog initial constructs                                               ; Off                ; Off                ;
; Iteration limit for constant Verilog loops                                      ; 5000               ; 5000               ;
; Iteration limit for non-constant Verilog loops                                  ; 250                ; 250                ;
; Add Pass-Through Logic to Inferred RAMs                                         ; On                 ; On                 ;
; Infer RAMs from Raw Logic                                                       ; On                 ; On                 ;
; Parallel Synthesis                                                              ; On                 ; On                 ;
; DSP Block Balancing                                                             ; Auto               ; Auto               ;
; NOT Gate Push-Back                                                              ; On                 ; On                 ;
; Power-Up Don't Care                                                             ; On                 ; On                 ;
; Remove Redundant Logic Cells                                                    ; Off                ; Off                ;
; Remove Duplicate Registers                                                      ; On                 ; On                 ;
; Ignore CARRY Buffers                                                            ; Off                ; Off                ;
; Ignore CASCADE Buffers                                                          ; Off                ; Off                ;
; Ignore GLOBAL Buffers                                                           ; Off                ; Off                ;
; Ignore ROW GLOBAL Buffers                                                       ; Off                ; Off                ;
; Ignore LCELL Buffers                                                            ; Off                ; Off                ;
; Ignore SOFT Buffers                                                             ; On                 ; On                 ;
; Limit AHDL Integers to 32 Bits                                                  ; Off                ; Off                ;
; Optimization Technique                                                          ; Balanced           ; Balanced           ;
; Carry Chain Length                                                              ; 70                 ; 70                 ;
; Auto Carry Chains                                                               ; On                 ; On                 ;
; Auto Open-Drain Pins                                                            ; On                 ; On                 ;
; Perform WYSIWYG Primitive Resynthesis                                           ; Off                ; Off                ;
; Auto ROM Replacement                                                            ; On                 ; On                 ;
; Auto RAM Replacement                                                            ; On                 ; On                 ;
; Auto DSP Block Replacement                                                      ; On                 ; On                 ;
; Auto Shift Register Replacement                                                 ; Auto               ; Auto               ;
; Allow Shift Register Merging across Hierarchies                                 ; Auto               ; Auto               ;
; Auto Clock Enable Replacement                                                   ; On                 ; On                 ;
; Strict RAM Replacement                                                          ; Off                ; Off                ;
; Allow Synchronous Control Signals                                               ; On                 ; On                 ;
; Force Use of Synchronous Clear Signals                                          ; Off                ; Off                ;
; Auto Resource Sharing                                                           ; Off                ; Off                ;
; Allow Any RAM Size For Recognition                                              ; Off                ; Off                ;
; Allow Any ROM Size For Recognition                                              ; Off                ; Off                ;
; Allow Any Shift Register Size For Recognition                                   ; Off                ; Off                ;
; Use LogicLock Constraints during Resource Balancing                             ; On                 ; On                 ;
; Ignore translate_off and synthesis_off directives                               ; Off                ; Off                ;
; Timing-Driven Synthesis                                                         ; On                 ; On                 ;
; Report Parameter Settings                                                       ; On                 ; On                 ;
; Report Source Assignments                                                       ; On                 ; On                 ;
; Report Connectivity Checks                                                      ; On                 ; On                 ;
; Ignore Maximum Fan-Out Assignments                                              ; Off                ; Off                ;
; Synchronization Register Chain Length                                           ; 3                  ; 3                  ;
; Power Optimization During Synthesis                                             ; Normal compilation ; Normal compilation ;
; HDL message level                                                               ; Level2             ; Level2             ;
; Suppress Register Optimization Related Messages                                 ; Off                ; Off                ;
; Number of Removed Registers Reported in Synthesis Report                        ; 5000               ; 5000               ;
; Number of Swept Nodes Reported in Synthesis Report                              ; 5000               ; 5000               ;
; Number of Inverted Registers Reported in Synthesis Report                       ; 100                ; 100                ;
; Clock MUX Protection                                                            ; On                 ; On                 ;
; Auto Gated Clock Conversion                                                     ; Off                ; Off                ;
; Block Design Naming                                                             ; Auto               ; Auto               ;
; SDC constraint protection                                                       ; Off                ; Off                ;
; Synthesis Effort                                                                ; Auto               ; Auto               ;
; Shift Register Replacement - Allow Asynchronous Clear Signal                    ; On                 ; On                 ;
; Pre-Mapping Resynthesis Optimization                                            ; Off                ; Off                ;
; Analysis & Synthesis Message Level                                              ; Medium             ; Medium             ;
; Disable Register Merging Across Hierarchies                                     ; Auto               ; Auto               ;
; Resource Aware Inference For Block RAM                                          ; On                 ; On                 ;
; Automatic Parallel Synthesis                                                    ; On                 ; On                 ;
; Partial Reconfiguration Bitstream ID                                            ; Off                ; Off                ;
+---------------------------------------------------------------------------------+--------------------+--------------------+


+------------------------------------------+
; Parallel Compilation                     ;
+----------------------------+-------------+
; Processors                 ; Number      ;
+----------------------------+-------------+
; Number detected on machine ; 8           ;
; Maximum allowed            ; 4           ;
;                            ;             ;
; Average used               ; 1.00        ;
; Maximum used               ; 4           ;
;                            ;             ;
; Usage by Processor         ; % Time Used ;
;     Processor 1            ; 100.0%      ;
;     Processor 2            ;   0.0%      ;
;     Processor 3            ;   0.0%      ;
;     Processor 4            ;   0.0%      ;
+----------------------------+-------------+


+-----------------------------------------------------------------------------------------------------------------------------------------------------------------------+
; Analysis & Synthesis Source Files Read                                                                                                                                ;
+----------------------------------+-----------------+-----------------------+--------------------------------------------------------------------------------+---------+
; File Name with User-Entered Path ; Used in Netlist ; File Type             ; File Name with Absolute Path                                                   ; Library ;
+----------------------------------+-----------------+-----------------------+--------------------------------------------------------------------------------+---------+
; ULASomaSub.vhd                   ; yes             ; User VHDL File        ; C:/Users/Pedro Mahfuz/Documents/2023.1/DesComp/Atv8/ULASomaSub.vhd             ;         ;
; somaConstante.vhd                ; yes             ; User VHDL File        ; C:/Users/Pedro Mahfuz/Documents/2023.1/DesComp/Atv8/somaConstante.vhd          ;         ;
; registradorGenerico.vhd          ; yes             ; User VHDL File        ; C:/Users/Pedro Mahfuz/Documents/2023.1/DesComp/Atv8/registradorGenerico.vhd    ;         ;
; muxGenerico4x1.vhd               ; yes             ; User VHDL File        ; C:/Users/Pedro Mahfuz/Documents/2023.1/DesComp/Atv8/muxGenerico4x1.vhd         ;         ;
; muxGenerico2x1.vhd               ; yes             ; User VHDL File        ; C:/Users/Pedro Mahfuz/Documents/2023.1/DesComp/Atv8/muxGenerico2x1.vhd         ;         ;
; memoriaROM.vhd                   ; yes             ; User VHDL File        ; C:/Users/Pedro Mahfuz/Documents/2023.1/DesComp/Atv8/memoriaROM.vhd             ;         ;
; memoriaRAM.vhd                   ; yes             ; User VHDL File        ; C:/Users/Pedro Mahfuz/Documents/2023.1/DesComp/Atv8/memoriaRAM.vhd             ;         ;
; LogicaDesvio.vhd                 ; yes             ; User VHDL File        ; C:/Users/Pedro Mahfuz/Documents/2023.1/DesComp/Atv8/LogicaDesvio.vhd           ;         ;
; flipflop.vhd                     ; yes             ; User VHDL File        ; C:/Users/Pedro Mahfuz/Documents/2023.1/DesComp/Atv8/flipflop.vhd               ;         ;
; edgeDetector.vhd                 ; yes             ; User VHDL File        ; C:/Users/Pedro Mahfuz/Documents/2023.1/DesComp/Atv8/edgeDetector.vhd           ;         ;
; decoderInstru.vhd                ; yes             ; User VHDL File        ; C:/Users/Pedro Mahfuz/Documents/2023.1/DesComp/Atv8/decoderInstru.vhd          ;         ;
; decoder3x8.vhd                   ; yes             ; User VHDL File        ; C:/Users/Pedro Mahfuz/Documents/2023.1/DesComp/Atv8/decoder3x8.vhd             ;         ;
; CPU.vhd                          ; yes             ; User VHDL File        ; C:/Users/Pedro Mahfuz/Documents/2023.1/DesComp/Atv8/CPU.vhd                    ;         ;
; conversorHex7Seg.vhd             ; yes             ; User VHDL File        ; C:/Users/Pedro Mahfuz/Documents/2023.1/DesComp/Atv8/conversorHex7Seg.vhd       ;         ;
; buffer_3_state_8portas.vhd       ; yes             ; User VHDL File        ; C:/Users/Pedro Mahfuz/Documents/2023.1/DesComp/Atv8/buffer_3_state_8portas.vhd ;         ;
; aula8.vhd                        ; yes             ; Auto-Found VHDL File  ; C:/Users/Pedro Mahfuz/Documents/2023.1/DesComp/Atv8/aula8.vhd                  ;         ;
+----------------------------------+-----------------+-----------------------+--------------------------------------------------------------------------------+---------+


+--------------------------------------------------------------+
; Analysis & Synthesis Resource Usage Summary                  ;
+---------------------------------------------+----------------+
; Resource                                    ; Usage          ;
+---------------------------------------------+----------------+
; Estimate of Logic utilization (ALMs needed) ; 476            ;
;                                             ;                ;
; Combinational ALUT usage for logic          ; 501            ;
;     -- 7 input functions                    ; 1              ;
;     -- 6 input functions                    ; 302            ;
;     -- 5 input functions                    ; 42             ;
;     -- 4 input functions                    ; 64             ;
;     -- <=3 input functions                  ; 92             ;
;                                             ;                ;
; Dedicated logic registers                   ; 577            ;
;                                             ;                ;
; I/O pins                                    ; 68             ;
;                                             ;                ;
; Total DSP Blocks                            ; 0              ;
;                                             ;                ;
; Maximum fan-out node                        ; CLOCK_50~input ;
; Maximum fan-out                             ; 575            ;
; Total fan-out                               ; 4326           ;
; Average fan-out                             ; 3.56           ;
+---------------------------------------------+----------------+


+----------------------------------------------------------------------------------------------------------------------------------------------------------------------------------------------------------------------------------------+
; Analysis & Synthesis Resource Utilization by Entity                                                                                                                                                                                    ;
+-----------------------------------------+---------------------+---------------------------+-------------------+------------+------+--------------+------------------------------------------------+---------------------+--------------+
; Compilation Hierarchy Node              ; Combinational ALUTs ; Dedicated Logic Registers ; Block Memory Bits ; DSP Blocks ; Pins ; Virtual Pins ; Full Hierarchy Name                            ; Entity Name         ; Library Name ;
+-----------------------------------------+---------------------+---------------------------+-------------------+------------+------+--------------+------------------------------------------------+---------------------+--------------+
; |Aula8                                  ; 501 (30)            ; 577 (0)                   ; 0                 ; 0          ; 68   ; 0            ; |Aula8                                         ; Aula8               ; work         ;
;    |CPU:CPU|                            ; 48 (0)              ; 27 (0)                    ; 0                 ; 0          ; 0    ; 0            ; |Aula8|CPU:CPU                                 ; CPU                 ; work         ;
;       |LogicaDesvio:LD|                 ; 1 (1)               ; 0 (0)                     ; 0                 ; 0          ; 0    ; 0            ; |Aula8|CPU:CPU|LogicaDesvio:LD                 ; LogicaDesvio        ; work         ;
;       |ULASomaSub:ULA1|                 ; 9 (9)               ; 0 (0)                     ; 0                 ; 0          ; 0    ; 0            ; |Aula8|CPU:CPU|ULASomaSub:ULA1                 ; ULASomaSub          ; work         ;
;       |decoderInstru:DECODER|           ; 8 (8)               ; 0 (0)                     ; 0                 ; 0          ; 0    ; 0            ; |Aula8|CPU:CPU|decoderInstru:DECODER           ; decoderInstru       ; work         ;
;       |flipflop:FLAGZ1|                 ; 4 (4)               ; 1 (1)                     ; 0                 ; 0          ; 0    ; 0            ; |Aula8|CPU:CPU|flipflop:FLAGZ1                 ; flipflop            ; work         ;
;       |muxGenerico2x1:MUX1|             ; 8 (8)               ; 0 (0)                     ; 0                 ; 0          ; 0    ; 0            ; |Aula8|CPU:CPU|muxGenerico2x1:MUX1             ; muxGenerico2x1      ; work         ;
;       |muxGenerico4x1:MUX2|             ; 9 (9)               ; 0 (0)                     ; 0                 ; 0          ; 0    ; 0            ; |Aula8|CPU:CPU|muxGenerico4x1:MUX2             ; muxGenerico4x1      ; work         ;
;       |registradorGenerico:ENDERECORET| ; 0 (0)               ; 9 (9)                     ; 0                 ; 0          ; 0    ; 0            ; |Aula8|CPU:CPU|registradorGenerico:ENDERECORET ; registradorGenerico ; work         ;
;       |registradorGenerico:PC|          ; 0 (0)               ; 9 (9)                     ; 0                 ; 0          ; 0    ; 0            ; |Aula8|CPU:CPU|registradorGenerico:PC          ; registradorGenerico ; work         ;
;       |registradorGenerico:REGA|        ; 0 (0)               ; 8 (8)                     ; 0                 ; 0          ; 0    ; 0            ; |Aula8|CPU:CPU|registradorGenerico:REGA        ; registradorGenerico ; work         ;
;       |somaConstante:incrementaPC|      ; 9 (9)               ; 0 (0)                     ; 0                 ; 0          ; 0    ; 0            ; |Aula8|CPU:CPU|somaConstante:incrementaPC      ; somaConstante       ; work         ;
;    |conversorHex7Seg:CHEX0|             ; 7 (7)               ; 0 (0)                     ; 0                 ; 0          ; 0    ; 0            ; |Aula8|conversorHex7Seg:CHEX0                  ; conversorHex7Seg    ; work         ;
;    |conversorHex7Seg:CHEX1|             ; 7 (7)               ; 0 (0)                     ; 0                 ; 0          ; 0    ; 0            ; |Aula8|conversorHex7Seg:CHEX1                  ; conversorHex7Seg    ; work         ;
;    |conversorHex7Seg:CHEX2|             ; 7 (7)               ; 0 (0)                     ; 0                 ; 0          ; 0    ; 0            ; |Aula8|conversorHex7Seg:CHEX2                  ; conversorHex7Seg    ; work         ;
;    |conversorHex7Seg:CHEX3|             ; 7 (7)               ; 0 (0)                     ; 0                 ; 0          ; 0    ; 0            ; |Aula8|conversorHex7Seg:CHEX3                  ; conversorHex7Seg    ; work         ;
;    |conversorHex7Seg:CHEX4|             ; 7 (7)               ; 0 (0)                     ; 0                 ; 0          ; 0    ; 0            ; |Aula8|conversorHex7Seg:CHEX4                  ; conversorHex7Seg    ; work         ;
;    |conversorHex7Seg:CHEX5|             ; 7 (7)               ; 0 (0)                     ; 0                 ; 0          ; 0    ; 0            ; |Aula8|conversorHex7Seg:CHEX5                  ; conversorHex7Seg    ; work         ;
;    |edgeDetector:KEY0_DETEC|            ; 2 (2)               ; 1 (1)                     ; 0                 ; 0          ; 0    ; 0            ; |Aula8|edgeDetector:KEY0_DETEC                 ; edgeDetector        ; work         ;
;    |edgeDetector:KEY1_DETEC|            ; 2 (2)               ; 1 (1)                     ; 0                 ; 0          ; 0    ; 0            ; |Aula8|edgeDetector:KEY1_DETEC                 ; edgeDetector        ; work         ;
;    |flipflop:FF1|                       ; 1 (1)               ; 1 (1)                     ; 0                 ; 0          ; 0    ; 0            ; |Aula8|flipflop:FF1                            ; flipflop            ; work         ;
;    |flipflop:FF2|                       ; 1 (1)               ; 1 (1)                     ; 0                 ; 0          ; 0    ; 0            ; |Aula8|flipflop:FF2                            ; flipflop            ; work         ;
;    |flipflop:FFKEY0|                    ; 0 (0)               ; 1 (1)                     ; 0                 ; 0          ; 0    ; 0            ; |Aula8|flipflop:FFKEY0                         ; flipflop            ; work         ;
;    |flipflop:FFKEY1|                    ; 0 (0)               ; 1 (1)                     ; 0                 ; 0          ; 0    ; 0            ; |Aula8|flipflop:FFKEY1                         ; flipflop            ; work         ;
;    |memoriaRAM:RAM1|                    ; 298 (298)           ; 512 (512)                 ; 0                 ; 0          ; 0    ; 0            ; |Aula8|memoriaRAM:RAM1                         ; memoriaRAM          ; work         ;
;    |memoriaROM:ROM1|                    ; 77 (77)             ; 0 (0)                     ; 0                 ; 0          ; 0    ; 0            ; |Aula8|memoriaROM:ROM1                         ; memoriaROM          ; work         ;
;    |registradorGenerico:REG0|           ; 0 (0)               ; 4 (4)                     ; 0                 ; 0          ; 0    ; 0            ; |Aula8|registradorGenerico:REG0                ; registradorGenerico ; work         ;
;    |registradorGenerico:REG1|           ; 0 (0)               ; 4 (4)                     ; 0                 ; 0          ; 0    ; 0            ; |Aula8|registradorGenerico:REG1                ; registradorGenerico ; work         ;
;    |registradorGenerico:REG2|           ; 0 (0)               ; 4 (4)                     ; 0                 ; 0          ; 0    ; 0            ; |Aula8|registradorGenerico:REG2                ; registradorGenerico ; work         ;
;    |registradorGenerico:REG3|           ; 0 (0)               ; 4 (4)                     ; 0                 ; 0          ; 0    ; 0            ; |Aula8|registradorGenerico:REG3                ; registradorGenerico ; work         ;
;    |registradorGenerico:REG4|           ; 0 (0)               ; 4 (4)                     ; 0                 ; 0          ; 0    ; 0            ; |Aula8|registradorGenerico:REG4                ; registradorGenerico ; work         ;
;    |registradorGenerico:REG5|           ; 0 (0)               ; 4 (4)                     ; 0                 ; 0          ; 0    ; 0            ; |Aula8|registradorGenerico:REG5                ; registradorGenerico ; work         ;
;    |registradorGenerico:REG8|           ; 0 (0)               ; 8 (8)                     ; 0                 ; 0          ; 0    ; 0            ; |Aula8|registradorGenerico:REG8                ; registradorGenerico ; work         ;
+-----------------------------------------+---------------------+---------------------------+-------------------+------------+------+--------------+------------------------------------------------+---------------------+--------------+
Note: For table entries with two numbers listed, the numbers in parentheses indicate the number of resources of the given type used by the specific entity alone. The numbers listed outside of parentheses indicate the total resources of the given type used by the specific entity and all of its sub-entities in the hierarchy.


+------------------------------------------------------+
; General Register Statistics                          ;
+----------------------------------------------+-------+
; Statistic                                    ; Value ;
+----------------------------------------------+-------+
; Total registers                              ; 577   ;
; Number of registers using Synchronous Clear  ; 0     ;
; Number of registers using Synchronous Load   ; 8     ;
; Number of registers using Asynchronous Clear ; 2     ;
; Number of registers using Asynchronous Load  ; 0     ;
; Number of registers using Clock Enable       ; 561   ;
; Number of registers using Preset             ; 0     ;
+----------------------------------------------+-------+


+-------------------------------------------------------------------------------------------------------------------------------------------------------------+
; Multiplexer Restructuring Statistics (Restructuring Performed)                                                                                              ;
+--------------------+-----------+---------------+----------------------+------------------------+------------+-----------------------------------------------+
; Multiplexer Inputs ; Bus Width ; Baseline Area ; Area if Restructured ; Saving if Restructured ; Registered ; Example Multiplexer Output                    ;
+--------------------+-----------+---------------+----------------------+------------------------+------------+-----------------------------------------------+
; 4:1                ; 9 bits    ; 18 LEs        ; 18 LEs               ; 0 LEs                  ; Yes        ; |Aula8|CPU:CPU|registradorGenerico:PC|DOUT[0] ;
+--------------------+-----------+---------------+----------------------+------------------------+------------+-----------------------------------------------+


+-----------------------------------------------------------------------+
; Parameter Settings for User Entity Instance: Top-level Entity: |Aula8 ;
+------------------+-------+--------------------------------------------+
; Parameter Name   ; Value ; Type                                       ;
+------------------+-------+--------------------------------------------+
; larguraDados     ; 8     ; Signed Integer                             ;
; larguraEnderecos ; 3     ; Signed Integer                             ;
; simulacao        ; true  ; Enumerated                                 ;
+------------------+-------+--------------------------------------------+
Note: In order to hide this table in the UI and the text report file, please set the "Show Parameter Settings in Synthesis Report" option in "Analysis and Synthesis Settings -> More Settings" to "Off".


+--------------------------------------------------------------+
; Parameter Settings for User Entity Instance: memoriaROM:ROM1 ;
+----------------+-------+-------------------------------------+
; Parameter Name ; Value ; Type                                ;
+----------------+-------+-------------------------------------+
; datawidth      ; 13    ; Signed Integer                      ;
; addrwidth      ; 9     ; Signed Integer                      ;
+----------------+-------+-------------------------------------+
Note: In order to hide this table in the UI and the text report file, please set the "Show Parameter Settings in Synthesis Report" option in "Analysis and Synthesis Settings -> More Settings" to "Off".


+--------------------------------------------------------------+
; Parameter Settings for User Entity Instance: memoriaRAM:RAM1 ;
+----------------+-------+-------------------------------------+
; Parameter Name ; Value ; Type                                ;
+----------------+-------+-------------------------------------+
; datawidth      ; 8     ; Signed Integer                      ;
; addrwidth      ; 8     ; Signed Integer                      ;
+----------------+-------+-------------------------------------+
Note: In order to hide this table in the UI and the text report file, please set the "Show Parameter Settings in Synthesis Report" option in "Analysis and Synthesis Settings -> More Settings" to "Off".


+-----------------------------------------------------------------------+
; Parameter Settings for User Entity Instance: registradorGenerico:REG8 ;
+----------------+-------+----------------------------------------------+
; Parameter Name ; Value ; Type                                         ;
+----------------+-------+----------------------------------------------+
; larguradados   ; 8     ; Signed Integer                               ;
+----------------+-------+----------------------------------------------+
Note: In order to hide this table in the UI and the text report file, please set the "Show Parameter Settings in Synthesis Report" option in "Analysis and Synthesis Settings -> More Settings" to "Off".


+------------------------------------------------------+
; Parameter Settings for User Entity Instance: CPU:CPU ;
+------------------+-------+---------------------------+
; Parameter Name   ; Value ; Type                      ;
+------------------+-------+---------------------------+
; larguradados     ; 8     ; Signed Integer            ;
; larguraenderecos ; 3     ; Signed Integer            ;
; simulacao        ; true  ; Enumerated                ;
+------------------+-------+---------------------------+
Note: In order to hide this table in the UI and the text report file, please set the "Show Parameter Settings in Synthesis Report" option in "Analysis and Synthesis Settings -> More Settings" to "Off".


+--------------------------------------------------------------------------+
; Parameter Settings for User Entity Instance: CPU:CPU|muxGenerico2x1:MUX1 ;
+----------------+-------+-------------------------------------------------+
; Parameter Name ; Value ; Type                                            ;
+----------------+-------+-------------------------------------------------+
; larguradados   ; 8     ; Signed Integer                                  ;
+----------------+-------+-------------------------------------------------+
Note: In order to hide this table in the UI and the text report file, please set the "Show Parameter Settings in Synthesis Report" option in "Analysis and Synthesis Settings -> More Settings" to "Off".


+--------------------------------------------------------------------------+
; Parameter Settings for User Entity Instance: CPU:CPU|muxGenerico4x1:MUX2 ;
+----------------+-------+-------------------------------------------------+
; Parameter Name ; Value ; Type                                            ;
+----------------+-------+-------------------------------------------------+
; larguradados   ; 9     ; Signed Integer                                  ;
+----------------+-------+-------------------------------------------------+
Note: In order to hide this table in the UI and the text report file, please set the "Show Parameter Settings in Synthesis Report" option in "Analysis and Synthesis Settings -> More Settings" to "Off".


+-------------------------------------------------------------------------------+
; Parameter Settings for User Entity Instance: CPU:CPU|registradorGenerico:REGA ;
+----------------+-------+------------------------------------------------------+
; Parameter Name ; Value ; Type                                                 ;
+----------------+-------+------------------------------------------------------+
; larguradados   ; 8     ; Signed Integer                                       ;
+----------------+-------+------------------------------------------------------+
Note: In order to hide this table in the UI and the text report file, please set the "Show Parameter Settings in Synthesis Report" option in "Analysis and Synthesis Settings -> More Settings" to "Off".


+--------------------------------------------------------------------------------------+
; Parameter Settings for User Entity Instance: CPU:CPU|registradorGenerico:ENDERECORET ;
+----------------+-------+-------------------------------------------------------------+
; Parameter Name ; Value ; Type                                                        ;
+----------------+-------+-------------------------------------------------------------+
; larguradados   ; 9     ; Signed Integer                                              ;
+----------------+-------+-------------------------------------------------------------+
Note: In order to hide this table in the UI and the text report file, please set the "Show Parameter Settings in Synthesis Report" option in "Analysis and Synthesis Settings -> More Settings" to "Off".


+-----------------------------------------------------------------------------+
; Parameter Settings for User Entity Instance: CPU:CPU|registradorGenerico:PC ;
+----------------+-------+----------------------------------------------------+
; Parameter Name ; Value ; Type                                               ;
+----------------+-------+----------------------------------------------------+
; larguradados   ; 9     ; Signed Integer                                     ;
+----------------+-------+----------------------------------------------------+
Note: In order to hide this table in the UI and the text report file, please set the "Show Parameter Settings in Synthesis Report" option in "Analysis and Synthesis Settings -> More Settings" to "Off".


+---------------------------------------------------------------------------------+
; Parameter Settings for User Entity Instance: CPU:CPU|somaConstante:incrementaPC ;
+----------------+-------+--------------------------------------------------------+
; Parameter Name ; Value ; Type                                                   ;
+----------------+-------+--------------------------------------------------------+
; larguradados   ; 9     ; Signed Integer                                         ;
; constante      ; 1     ; Signed Integer                                         ;
+----------------+-------+--------------------------------------------------------+
Note: In order to hide this table in the UI and the text report file, please set the "Show Parameter Settings in Synthesis Report" option in "Analysis and Synthesis Settings -> More Settings" to "Off".


+----------------------------------------------------------------------+
; Parameter Settings for User Entity Instance: CPU:CPU|ULASomaSub:ULA1 ;
+----------------+-------+---------------------------------------------+
; Parameter Name ; Value ; Type                                        ;
+----------------+-------+---------------------------------------------+
; larguradados   ; 8     ; Signed Integer                              ;
+----------------+-------+---------------------------------------------+
Note: In order to hide this table in the UI and the text report file, please set the "Show Parameter Settings in Synthesis Report" option in "Analysis and Synthesis Settings -> More Settings" to "Off".


+-----------------------------------------------------------------------+
; Parameter Settings for User Entity Instance: registradorGenerico:REG0 ;
+----------------+-------+----------------------------------------------+
; Parameter Name ; Value ; Type                                         ;
+----------------+-------+----------------------------------------------+
; larguradados   ; 4     ; Signed Integer                               ;
+----------------+-------+----------------------------------------------+
Note: In order to hide this table in the UI and the text report file, please set the "Show Parameter Settings in Synthesis Report" option in "Analysis and Synthesis Settings -> More Settings" to "Off".


+-----------------------------------------------------------------------+
; Parameter Settings for User Entity Instance: registradorGenerico:REG1 ;
+----------------+-------+----------------------------------------------+
; Parameter Name ; Value ; Type                                         ;
+----------------+-------+----------------------------------------------+
; larguradados   ; 4     ; Signed Integer                               ;
+----------------+-------+----------------------------------------------+
Note: In order to hide this table in the UI and the text report file, please set the "Show Parameter Settings in Synthesis Report" option in "Analysis and Synthesis Settings -> More Settings" to "Off".


+-----------------------------------------------------------------------+
; Parameter Settings for User Entity Instance: registradorGenerico:REG2 ;
+----------------+-------+----------------------------------------------+
; Parameter Name ; Value ; Type                                         ;
+----------------+-------+----------------------------------------------+
; larguradados   ; 4     ; Signed Integer                               ;
+----------------+-------+----------------------------------------------+
Note: In order to hide this table in the UI and the text report file, please set the "Show Parameter Settings in Synthesis Report" option in "Analysis and Synthesis Settings -> More Settings" to "Off".


+-----------------------------------------------------------------------+
; Parameter Settings for User Entity Instance: registradorGenerico:REG3 ;
+----------------+-------+----------------------------------------------+
; Parameter Name ; Value ; Type                                         ;
+----------------+-------+----------------------------------------------+
; larguradados   ; 4     ; Signed Integer                               ;
+----------------+-------+----------------------------------------------+
Note: In order to hide this table in the UI and the text report file, please set the "Show Parameter Settings in Synthesis Report" option in "Analysis and Synthesis Settings -> More Settings" to "Off".


+-----------------------------------------------------------------------+
; Parameter Settings for User Entity Instance: registradorGenerico:REG4 ;
+----------------+-------+----------------------------------------------+
; Parameter Name ; Value ; Type                                         ;
+----------------+-------+----------------------------------------------+
; larguradados   ; 4     ; Signed Integer                               ;
+----------------+-------+----------------------------------------------+
Note: In order to hide this table in the UI and the text report file, please set the "Show Parameter Settings in Synthesis Report" option in "Analysis and Synthesis Settings -> More Settings" to "Off".


+-----------------------------------------------------------------------+
; Parameter Settings for User Entity Instance: registradorGenerico:REG5 ;
+----------------+-------+----------------------------------------------+
; Parameter Name ; Value ; Type                                         ;
+----------------+-------+----------------------------------------------+
; larguradados   ; 4     ; Signed Integer                               ;
+----------------+-------+----------------------------------------------+
Note: In order to hide this table in the UI and the text report file, please set the "Show Parameter Settings in Synthesis Report" option in "Analysis and Synthesis Settings -> More Settings" to "Off".


+------------------------------------------------------------------------------------------------------------------+
; Port Connectivity Checks: "flipflop:FFRESET"                                                                     ;
+--------+--------+----------+-------------------------------------------------------------------------------------+
; Port   ; Type   ; Severity ; Details                                                                             ;
+--------+--------+----------+-------------------------------------------------------------------------------------+
; din    ; Input  ; Info     ; Stuck at VCC                                                                        ;
; dout   ; Output ; Info     ; Connected to dangling logic. Logic that only feeds a dangling port will be removed. ;
; enable ; Input  ; Info     ; Stuck at VCC                                                                        ;
+--------+--------+----------+-------------------------------------------------------------------------------------+


+---------------------------------------------+
; Port Connectivity Checks: "flipflop:FFKEY1" ;
+--------+-------+----------+-----------------+
; Port   ; Type  ; Severity ; Details         ;
+--------+-------+----------+-----------------+
; din    ; Input ; Info     ; Stuck at VCC    ;
; enable ; Input ; Info     ; Stuck at VCC    ;
+--------+-------+----------+-----------------+


+---------------------------------------------+
; Port Connectivity Checks: "flipflop:FFKEY0" ;
+--------+-------+----------+-----------------+
; Port   ; Type  ; Severity ; Details         ;
+--------+-------+----------+-----------------+
; din    ; Input ; Info     ; Stuck at VCC    ;
; enable ; Input ; Info     ; Stuck at VCC    ;
+--------+-------+----------+-----------------+


+---------------------------------------------------------+
; Port Connectivity Checks: "buffer_3_state_8portas:TRI7" ;
+---------------+-------+----------+----------------------+
; Port          ; Type  ; Severity ; Details              ;
+---------------+-------+----------+----------------------+
; entrada[7..1] ; Input ; Info     ; Stuck at GND         ;
+---------------+-------+----------+----------------------+


+---------------------------------------------------------+
; Port Connectivity Checks: "buffer_3_state_8portas:TRI6" ;
+---------------+-------+----------+----------------------+
; Port          ; Type  ; Severity ; Details              ;
+---------------+-------+----------+----------------------+
; entrada[7..1] ; Input ; Info     ; Stuck at GND         ;
+---------------+-------+----------+----------------------+


+---------------------------------------------------------+
; Port Connectivity Checks: "buffer_3_state_8portas:TRI5" ;
+---------------+-------+----------+----------------------+
; Port          ; Type  ; Severity ; Details              ;
+---------------+-------+----------+----------------------+
; entrada[7..1] ; Input ; Info     ; Stuck at GND         ;
+---------------+-------+----------+----------------------+


+---------------------------------------------------------+
; Port Connectivity Checks: "buffer_3_state_8portas:TRI4" ;
+---------------+-------+----------+----------------------+
; Port          ; Type  ; Severity ; Details              ;
+---------------+-------+----------+----------------------+
; entrada[7..1] ; Input ; Info     ; Stuck at GND         ;
+---------------+-------+----------+----------------------+


+---------------------------------------------------------+
; Port Connectivity Checks: "buffer_3_state_8portas:TRI3" ;
+---------------+-------+----------+----------------------+
; Port          ; Type  ; Severity ; Details              ;
+---------------+-------+----------+----------------------+
; entrada[7..1] ; Input ; Info     ; Stuck at GND         ;
+---------------+-------+----------+----------------------+


+---------------------------------------------------------+
; Port Connectivity Checks: "buffer_3_state_8portas:TRI2" ;
+---------------+-------+----------+----------------------+
; Port          ; Type  ; Severity ; Details              ;
+---------------+-------+----------+----------------------+
; entrada[7..1] ; Input ; Info     ; Stuck at GND         ;
+---------------+-------+----------+----------------------+


+---------------------------------------------------------+
; Port Connectivity Checks: "buffer_3_state_8portas:TRI1" ;
+---------------+-------+----------+----------------------+
; Port          ; Type  ; Severity ; Details              ;
+---------------+-------+----------+----------------------+
; entrada[7..1] ; Input ; Info     ; Stuck at GND         ;
+---------------+-------+----------+----------------------+


+----------------------------------------------------+
; Port Connectivity Checks: "conversorHex7Seg:CHEX5" ;
+----------+-------+----------+----------------------+
; Port     ; Type  ; Severity ; Details              ;
+----------+-------+----------+----------------------+
; apaga    ; Input ; Info     ; Stuck at GND         ;
; negativo ; Input ; Info     ; Stuck at GND         ;
; overflow ; Input ; Info     ; Stuck at GND         ;
+----------+-------+----------+----------------------+


+----------------------------------------------------+
; Port Connectivity Checks: "conversorHex7Seg:CHEX4" ;
+----------+-------+----------+----------------------+
; Port     ; Type  ; Severity ; Details              ;
+----------+-------+----------+----------------------+
; apaga    ; Input ; Info     ; Stuck at GND         ;
; negativo ; Input ; Info     ; Stuck at GND         ;
; overflow ; Input ; Info     ; Stuck at GND         ;
+----------+-------+----------+----------------------+


+----------------------------------------------------+
; Port Connectivity Checks: "conversorHex7Seg:CHEX3" ;
+----------+-------+----------+----------------------+
; Port     ; Type  ; Severity ; Details              ;
+----------+-------+----------+----------------------+
; apaga    ; Input ; Info     ; Stuck at GND         ;
; negativo ; Input ; Info     ; Stuck at GND         ;
; overflow ; Input ; Info     ; Stuck at GND         ;
+----------+-------+----------+----------------------+


+----------------------------------------------------+
; Port Connectivity Checks: "conversorHex7Seg:CHEX2" ;
+----------+-------+----------+----------------------+
; Port     ; Type  ; Severity ; Details              ;
+----------+-------+----------+----------------------+
; apaga    ; Input ; Info     ; Stuck at GND         ;
; negativo ; Input ; Info     ; Stuck at GND         ;
; overflow ; Input ; Info     ; Stuck at GND         ;
+----------+-------+----------+----------------------+


+----------------------------------------------------+
; Port Connectivity Checks: "conversorHex7Seg:CHEX1" ;
+----------+-------+----------+----------------------+
; Port     ; Type  ; Severity ; Details              ;
+----------+-------+----------+----------------------+
; apaga    ; Input ; Info     ; Stuck at GND         ;
; negativo ; Input ; Info     ; Stuck at GND         ;
; overflow ; Input ; Info     ; Stuck at GND         ;
+----------+-------+----------+----------------------+


+----------------------------------------------------+
; Port Connectivity Checks: "conversorHex7Seg:CHEX0" ;
+----------+-------+----------+----------------------+
; Port     ; Type  ; Severity ; Details              ;
+----------+-------+----------+----------------------+
; apaga    ; Input ; Info     ; Stuck at GND         ;
; negativo ; Input ; Info     ; Stuck at GND         ;
; overflow ; Input ; Info     ; Stuck at GND         ;
+----------+-------+----------+----------------------+


+------------------------------------------------------+
; Port Connectivity Checks: "registradorGenerico:REG5" ;
+------+-------+----------+----------------------------+
; Port ; Type  ; Severity ; Details                    ;
+------+-------+----------+----------------------------+
; rst  ; Input ; Info     ; Stuck at GND               ;
+------+-------+----------+----------------------------+


+------------------------------------------------------+
; Port Connectivity Checks: "registradorGenerico:REG4" ;
+------+-------+----------+----------------------------+
; Port ; Type  ; Severity ; Details                    ;
+------+-------+----------+----------------------------+
; rst  ; Input ; Info     ; Stuck at GND               ;
+------+-------+----------+----------------------------+


+------------------------------------------------------+
; Port Connectivity Checks: "registradorGenerico:REG3" ;
+------+-------+----------+----------------------------+
; Port ; Type  ; Severity ; Details                    ;
+------+-------+----------+----------------------------+
; rst  ; Input ; Info     ; Stuck at GND               ;
+------+-------+----------+----------------------------+


+------------------------------------------------------+
; Port Connectivity Checks: "registradorGenerico:REG2" ;
+------+-------+----------+----------------------------+
; Port ; Type  ; Severity ; Details                    ;
+------+-------+----------+----------------------------+
; rst  ; Input ; Info     ; Stuck at GND               ;
+------+-------+----------+----------------------------+


+------------------------------------------------------+
; Port Connectivity Checks: "registradorGenerico:REG1" ;
+------+-------+----------+----------------------------+
; Port ; Type  ; Severity ; Details                    ;
+------+-------+----------+----------------------------+
; rst  ; Input ; Info     ; Stuck at GND               ;
+------+-------+----------+----------------------------+


+------------------------------------------------------+
; Port Connectivity Checks: "registradorGenerico:REG0" ;
+------+-------+----------+----------------------------+
; Port ; Type  ; Severity ; Details                    ;
+------+-------+----------+----------------------------+
; rst  ; Input ; Info     ; Stuck at GND               ;
+------+-------+----------+----------------------------+


+-----------------------------------------------------+
; Port Connectivity Checks: "CPU:CPU|flipflop:FLAGZ1" ;
+------+-------+----------+---------------------------+
; Port ; Type  ; Severity ; Details                   ;
+------+-------+----------+---------------------------+
; rst  ; Input ; Info     ; Stuck at GND              ;
+------+-------+----------+---------------------------+


+------------------------------------------------------------+
; Port Connectivity Checks: "CPU:CPU|registradorGenerico:PC" ;
+--------+-------+----------+--------------------------------+
; Port   ; Type  ; Severity ; Details                        ;
+--------+-------+----------+--------------------------------+
; enable ; Input ; Info     ; Stuck at VCC                   ;
; rst    ; Input ; Info     ; Stuck at GND                   ;
+--------+-------+----------+--------------------------------+


+---------------------------------------------------------------------+
; Port Connectivity Checks: "CPU:CPU|registradorGenerico:ENDERECORET" ;
+------+-------+----------+-------------------------------------------+
; Port ; Type  ; Severity ; Details                                   ;
+------+-------+----------+-------------------------------------------+
; rst  ; Input ; Info     ; Stuck at GND                              ;
+------+-------+----------+-------------------------------------------+


+--------------------------------------------------------------+
; Port Connectivity Checks: "CPU:CPU|registradorGenerico:REGA" ;
+------+-------+----------+------------------------------------+
; Port ; Type  ; Severity ; Details                            ;
+------+-------+----------+------------------------------------+
; rst  ; Input ; Info     ; Stuck at GND                       ;
+------+-------+----------+------------------------------------+


+---------------------------------------------------------+
; Port Connectivity Checks: "CPU:CPU|muxGenerico4x1:MUX2" ;
+--------------+-------+----------+-----------------------+
; Port         ; Type  ; Severity ; Details               ;
+--------------+-------+----------+-----------------------+
; entrada3_mux ; Input ; Info     ; Stuck at GND          ;
+--------------+-------+----------+-----------------------+


+------------------------------------------------------+
; Port Connectivity Checks: "registradorGenerico:REG8" ;
+------+-------+----------+----------------------------+
; Port ; Type  ; Severity ; Details                    ;
+------+-------+----------+----------------------------+
; rst  ; Input ; Info     ; Stuck at GND               ;
+------+-------+----------+----------------------------+


+------------------------------------------+
; Port Connectivity Checks: "flipflop:FF2" ;
+------+-------+----------+----------------+
; Port ; Type  ; Severity ; Details        ;
+------+-------+----------+----------------+
; rst  ; Input ; Info     ; Stuck at GND   ;
+------+-------+----------+----------------+


+------------------------------------------+
; Port Connectivity Checks: "flipflop:FF1" ;
+------+-------+----------+----------------+
; Port ; Type  ; Severity ; Details        ;
+------+-------+----------+----------------+
; rst  ; Input ; Info     ; Stuck at GND   ;
+------+-------+----------+----------------+


+-----------------------------------------------------------------------------------------------------------------------+
; Port Connectivity Checks: "decoder3x8:DECODER3x82"                                                                    ;
+-------------+--------+----------+-------------------------------------------------------------------------------------+
; Port        ; Type   ; Severity ; Details                                                                             ;
+-------------+--------+----------+-------------------------------------------------------------------------------------+
; saida[7..6] ; Output ; Info     ; Connected to dangling logic. Logic that only feeds a dangling port will be removed. ;
+-------------+--------+----------+-------------------------------------------------------------------------------------+


+-----------------------------------------------------------------------------------------------------------------------+
; Port Connectivity Checks: "decoder3x8:DECODER3x8"                                                                     ;
+-------------+--------+----------+-------------------------------------------------------------------------------------+
; Port        ; Type   ; Severity ; Details                                                                             ;
+-------------+--------+----------+-------------------------------------------------------------------------------------+
; saida[7..6] ; Output ; Info     ; Connected to dangling logic. Logic that only feeds a dangling port will be removed. ;
; saida[3..1] ; Output ; Info     ; Connected to dangling logic. Logic that only feeds a dangling port will be removed. ;
+-------------+--------+----------+-------------------------------------------------------------------------------------+


+-----------------------------------------------------+
; Post-Synthesis Netlist Statistics for Top Partition ;
+-----------------------+-----------------------------+
; Type                  ; Count                       ;
+-----------------------+-----------------------------+
; arriav_ff             ; 577                         ;
;     CLR               ; 2                           ;
;     ENA               ; 553                         ;
;     ENA SLD           ; 8                           ;
;     plain             ; 14                          ;
; arriav_lcell_comb     ; 501                         ;
;     arith             ; 18                          ;
;         1 data inputs ; 10                          ;
;         5 data inputs ; 8                           ;
;     extend            ; 1                           ;
;         7 data inputs ; 1                           ;
;     normal            ; 482                         ;
;         1 data inputs ; 2                           ;
;         2 data inputs ; 78                          ;
;         3 data inputs ; 2                           ;
;         4 data inputs ; 64                          ;
;         5 data inputs ; 34                          ;
;         6 data inputs ; 302                         ;
; boundary_port         ; 68                          ;
;                       ;                             ;
; Max LUT depth         ; 10.30                       ;
; Average LUT depth     ; 6.59                        ;
+-----------------------+-----------------------------+


+-------------------------------+
; Elapsed Time Per Partition    ;
+----------------+--------------+
; Partition Name ; Elapsed Time ;
+----------------+--------------+
; Top            ; 00:00:04     ;
+----------------+--------------+


+-------------------------------+
; Analysis & Synthesis Messages ;
+-------------------------------+
Info: *******************************************************************
Info: Running Quartus Prime Analysis & Synthesis
    Info: Version 20.1.0 Build 711 06/05/2020 SJ Lite Edition
    Info: Processing started: Sat Apr 22 16:57:52 2023
Info: Command: quartus_map --read_settings_files=on --write_settings_files=off Aula8 -c Aula8
Info (20030): Parallel compilation is enabled and will use 4 of the 4 processors detected
Info (12021): Found 2 design units, including 1 entities, in source file ulasomasub.vhd
    Info (12022): Found design unit 1: ULASomaSub-comportamento File: C:/Users/Pedro Mahfuz/Documents/2023.1/DesComp/Atv8/ULASomaSub.vhd Line: 15
    Info (12023): Found entity 1: ULASomaSub File: C:/Users/Pedro Mahfuz/Documents/2023.1/DesComp/Atv8/ULASomaSub.vhd Line: 5
Info (12021): Found 2 design units, including 1 entities, in source file somaconstante.vhd
    Info (12022): Found design unit 1: somaConstante-comportamento File: C:/Users/Pedro Mahfuz/Documents/2023.1/DesComp/Atv8/somaConstante.vhd Line: 18
    Info (12023): Found entity 1: somaConstante File: C:/Users/Pedro Mahfuz/Documents/2023.1/DesComp/Atv8/somaConstante.vhd Line: 5
Info (12021): Found 2 design units, including 1 entities, in source file registradorgenerico.vhd
    Info (12022): Found design unit 1: registradorGenerico-comportamento File: C:/Users/Pedro Mahfuz/Documents/2023.1/DesComp/Atv8/registradorGenerico.vhd Line: 15
    Info (12023): Found entity 1: registradorGenerico File: C:/Users/Pedro Mahfuz/Documents/2023.1/DesComp/Atv8/registradorGenerico.vhd Line: 4
Info (12021): Found 2 design units, including 1 entities, in source file muxgenerico4x1.vhd
    Info (12022): Found design unit 1: muxGenerico4x1-comportamento File: C:/Users/Pedro Mahfuz/Documents/2023.1/DesComp/Atv8/muxGenerico4x1.vhd Line: 14
    Info (12023): Found entity 1: muxGenerico4x1 File: C:/Users/Pedro Mahfuz/Documents/2023.1/DesComp/Atv8/muxGenerico4x1.vhd Line: 4
Info (12021): Found 2 design units, including 1 entities, in source file muxgenerico2x1.vhd
    Info (12022): Found design unit 1: muxGenerico2x1-comportamento File: C:/Users/Pedro Mahfuz/Documents/2023.1/DesComp/Atv8/muxGenerico2x1.vhd Line: 14
    Info (12023): Found entity 1: muxGenerico2x1 File: C:/Users/Pedro Mahfuz/Documents/2023.1/DesComp/Atv8/muxGenerico2x1.vhd Line: 4
Info (12021): Found 2 design units, including 1 entities, in source file memoriarom.vhd
    Info (12022): Found design unit 1: memoriaROM-assincrona File: C:/Users/Pedro Mahfuz/Documents/2023.1/DesComp/Atv8/memoriaROM.vhd Line: 16
    Info (12023): Found entity 1: memoriaROM File: C:/Users/Pedro Mahfuz/Documents/2023.1/DesComp/Atv8/memoriaROM.vhd Line: 5
Info (12021): Found 2 design units, including 1 entities, in source file memoriaram.vhd
    Info (12022): Found design unit 1: memoriaRAM-rtl File: C:/Users/Pedro Mahfuz/Documents/2023.1/DesComp/Atv8/memoriaRAM.vhd Line: 21
    Info (12023): Found entity 1: memoriaRAM File: C:/Users/Pedro Mahfuz/Documents/2023.1/DesComp/Atv8/memoriaRAM.vhd Line: 5
Info (12021): Found 2 design units, including 1 entities, in source file logicadesvio.vhd
    Info (12022): Found design unit 1: LogicaDesvio-comportamento File: C:/Users/Pedro Mahfuz/Documents/2023.1/DesComp/Atv8/LogicaDesvio.vhd Line: 14
    Info (12023): Found entity 1: LogicaDesvio File: C:/Users/Pedro Mahfuz/Documents/2023.1/DesComp/Atv8/LogicaDesvio.vhd Line: 4
Info (12021): Found 2 design units, including 1 entities, in source file flipflop.vhd
    Info (12022): Found design unit 1: flipflop-comportamento File: C:/Users/Pedro Mahfuz/Documents/2023.1/DesComp/Atv8/flipflop.vhd Line: 12
    Info (12023): Found entity 1: flipflop File: C:/Users/Pedro Mahfuz/Documents/2023.1/DesComp/Atv8/flipflop.vhd Line: 4
Info (12021): Found 3 design units, including 1 entities, in source file edgedetector.vhd
    Info (12022): Found design unit 1: edgeDetector-bordaSubida File: C:/Users/Pedro Mahfuz/Documents/2023.1/DesComp/Atv8/edgeDetector.vhd Line: 10
    Info (12022): Found design unit 2: edgeDetector-bordaDescida File: C:/Users/Pedro Mahfuz/Documents/2023.1/DesComp/Atv8/edgeDetector.vhd Line: 23
    Info (12023): Found entity 1: edgeDetector File: C:/Users/Pedro Mahfuz/Documents/2023.1/DesComp/Atv8/edgeDetector.vhd Line: 4
Info (12021): Found 2 design units, including 1 entities, in source file decoderinstru.vhd
    Info (12022): Found design unit 1: decoderInstru-comportamento File: C:/Users/Pedro Mahfuz/Documents/2023.1/DesComp/Atv8/decoderInstru.vhd Line: 10
    Info (12023): Found entity 1: decoderInstru File: C:/Users/Pedro Mahfuz/Documents/2023.1/DesComp/Atv8/decoderInstru.vhd Line: 4
Info (12021): Found 2 design units, including 1 entities, in source file decoder3x8.vhd
    Info (12022): Found design unit 1: decoder3x8-comportamento File: C:/Users/Pedro Mahfuz/Documents/2023.1/DesComp/Atv8/decoder3x8.vhd Line: 10
    Info (12023): Found entity 1: decoder3x8 File: C:/Users/Pedro Mahfuz/Documents/2023.1/DesComp/Atv8/decoder3x8.vhd Line: 4
Info (12021): Found 2 design units, including 1 entities, in source file cpu.vhd
    Info (12022): Found design unit 1: CPU-arquitetura File: C:/Users/Pedro Mahfuz/Documents/2023.1/DesComp/Atv8/CPU.vhd Line: 26
    Info (12023): Found entity 1: CPU File: C:/Users/Pedro Mahfuz/Documents/2023.1/DesComp/Atv8/CPU.vhd Line: 4
Info (12021): Found 2 design units, including 1 entities, in source file conversorhex7seg.vhd
    Info (12022): Found design unit 1: conversorHex7Seg-comportamento File: C:/Users/Pedro Mahfuz/Documents/2023.1/DesComp/Atv8/conversorHex7Seg.vhd Line: 17
    Info (12023): Found entity 1: conversorHex7Seg File: C:/Users/Pedro Mahfuz/Documents/2023.1/DesComp/Atv8/conversorHex7Seg.vhd Line: 4
Info (12021): Found 2 design units, including 1 entities, in source file buffer_3_state_8portas.vhd
    Info (12022): Found design unit 1: buffer_3_state_8portas-comportamento File: C:/Users/Pedro Mahfuz/Documents/2023.1/DesComp/Atv8/buffer_3_state_8portas.vhd Line: 11
    Info (12023): Found entity 1: buffer_3_state_8portas File: C:/Users/Pedro Mahfuz/Documents/2023.1/DesComp/Atv8/buffer_3_state_8portas.vhd Line: 4
Warning (12125): Using design file aula8.vhd, which is not specified as a design file for the current project, but contains definitions for 2 design units and 1 entities in project
    Info (12022): Found design unit 1: Aula8-arquitetura File: C:/Users/Pedro Mahfuz/Documents/2023.1/DesComp/Atv8/aula8.vhd Line: 22
    Info (12023): Found entity 1: Aula8 File: C:/Users/Pedro Mahfuz/Documents/2023.1/DesComp/Atv8/aula8.vhd Line: 4
Info (12127): Elaborating entity "Aula8" for the top level hierarchy
Warning (10036): Verilog HDL or VHDL warning at aula8.vhd(53): object "FFRESET_out" assigned a value but never read File: C:/Users/Pedro Mahfuz/Documents/2023.1/DesComp/Atv8/aula8.vhd Line: 53
Info (12128): Elaborating entity "memoriaROM" for hierarchy "memoriaROM:ROM1" File: C:/Users/Pedro Mahfuz/Documents/2023.1/DesComp/Atv8/aula8.vhd Line: 67
Info (12128): Elaborating entity "decoder3x8" for hierarchy "decoder3x8:DECODER3x8" File: C:/Users/Pedro Mahfuz/Documents/2023.1/DesComp/Atv8/aula8.vhd Line: 70
Info (12128): Elaborating entity "memoriaRAM" for hierarchy "memoriaRAM:RAM1" File: C:/Users/Pedro Mahfuz/Documents/2023.1/DesComp/Atv8/aula8.vhd Line: 76
Info (12128): Elaborating entity "flipflop" for hierarchy "flipflop:FF1" File: C:/Users/Pedro Mahfuz/Documents/2023.1/DesComp/Atv8/aula8.vhd Line: 83
Info (12128): Elaborating entity "registradorGenerico" for hierarchy "registradorGenerico:REG8" File: C:/Users/Pedro Mahfuz/Documents/2023.1/DesComp/Atv8/aula8.vhd Line: 89
Info (12128): Elaborating entity "CPU" for hierarchy "CPU:CPU" File: C:/Users/Pedro Mahfuz/Documents/2023.1/DesComp/Atv8/aula8.vhd Line: 92
Info (12128): Elaborating entity "muxGenerico2x1" for hierarchy "CPU:CPU|muxGenerico2x1:MUX1" File: C:/Users/Pedro Mahfuz/Documents/2023.1/DesComp/Atv8/CPU.vhd Line: 66
Info (12128): Elaborating entity "muxGenerico4x1" for hierarchy "CPU:CPU|muxGenerico4x1:MUX2" File: C:/Users/Pedro Mahfuz/Documents/2023.1/DesComp/Atv8/CPU.vhd Line: 72
Info (12128): Elaborating entity "registradorGenerico" for hierarchy "CPU:CPU|registradorGenerico:ENDERECORET" File: C:/Users/Pedro Mahfuz/Documents/2023.1/DesComp/Atv8/CPU.vhd Line: 84
Info (12128): Elaborating entity "somaConstante" for hierarchy "CPU:CPU|somaConstante:incrementaPC" File: C:/Users/Pedro Mahfuz/Documents/2023.1/DesComp/Atv8/CPU.vhd Line: 91
Info (12128): Elaborating entity "ULASomaSub" for hierarchy "CPU:CPU|ULASomaSub:ULA1" File: C:/Users/Pedro Mahfuz/Documents/2023.1/DesComp/Atv8/CPU.vhd Line: 96
Info (12128): Elaborating entity "decoderInstru" for hierarchy "CPU:CPU|decoderInstru:DECODER" File: C:/Users/Pedro Mahfuz/Documents/2023.1/DesComp/Atv8/CPU.vhd Line: 99
Info (12128): Elaborating entity "LogicaDesvio" for hierarchy "CPU:CPU|LogicaDesvio:LD" File: C:/Users/Pedro Mahfuz/Documents/2023.1/DesComp/Atv8/CPU.vhd Line: 102
Info (12128): Elaborating entity "registradorGenerico" for hierarchy "registradorGenerico:REG0" File: C:/Users/Pedro Mahfuz/Documents/2023.1/DesComp/Atv8/aula8.vhd Line: 96
Info (12128): Elaborating entity "conversorHex7Seg" for hierarchy "conversorHex7Seg:CHEX0" File: C:/Users/Pedro Mahfuz/Documents/2023.1/DesComp/Atv8/aula8.vhd Line: 114
Info (12128): Elaborating entity "buffer_3_state_8portas" for hierarchy "buffer_3_state_8portas:TRI0" File: C:/Users/Pedro Mahfuz/Documents/2023.1/DesComp/Atv8/aula8.vhd Line: 156
Info (12129): Elaborating entity "edgeDetector" using architecture "A:bordasubida" for hierarchy "edgeDetector:KEY0_DETEC" File: C:/Users/Pedro Mahfuz/Documents/2023.1/DesComp/Atv8/aula8.vhd Line: 189
Info (276014): Found 1 instances of uninferred RAM logic
    Info (276007): RAM logic "memoriaRAM:RAM1|ram" is uninferred due to asynchronous read logic File: C:/Users/Pedro Mahfuz/Documents/2023.1/DesComp/Atv8/memoriaRAM.vhd Line: 27
Warning (13046): Tri-state node(s) do not directly drive top-level pin(s)
    Warning (13048): Converted tri-state node "RAMDL[7]" into a selector File: C:/Users/Pedro Mahfuz/Documents/2023.1/DesComp/Atv8/muxGenerico2x1.vhd Line: 10
    Warning (13048): Converted tri-state node "RAMDL[6]" into a selector File: C:/Users/Pedro Mahfuz/Documents/2023.1/DesComp/Atv8/muxGenerico2x1.vhd Line: 10
    Warning (13048): Converted tri-state node "RAMDL[5]" into a selector File: C:/Users/Pedro Mahfuz/Documents/2023.1/DesComp/Atv8/muxGenerico2x1.vhd Line: 10
    Warning (13048): Converted tri-state node "RAMDL[4]" into a selector File: C:/Users/Pedro Mahfuz/Documents/2023.1/DesComp/Atv8/muxGenerico2x1.vhd Line: 10
    Warning (13048): Converted tri-state node "RAMDL[3]" into a selector File: C:/Users/Pedro Mahfuz/Documents/2023.1/DesComp/Atv8/muxGenerico2x1.vhd Line: 10
    Warning (13048): Converted tri-state node "RAMDL[2]" into a selector File: C:/Users/Pedro Mahfuz/Documents/2023.1/DesComp/Atv8/muxGenerico2x1.vhd Line: 10
    Warning (13048): Converted tri-state node "RAMDL[1]" into a selector File: C:/Users/Pedro Mahfuz/Documents/2023.1/DesComp/Atv8/muxGenerico2x1.vhd Line: 10
    Warning (13048): Converted tri-state node "RAMDL[0]" into a selector File: C:/Users/Pedro Mahfuz/Documents/2023.1/DesComp/Atv8/muxGenerico2x1.vhd Line: 10
Info (286030): Timing-Driven Synthesis is running
Info (16010): Generating hard_block partition "hard_block:auto_generated_inst"
    Info (16011): Adding 0 node(s), including 0 DDIO, 0 PLL, 0 transceiver and 0 LCELL
Info (21057): Implemented 1132 device resources after synthesis - the final resource count might be different
    Info (21058): Implemented 16 input pins
    Info (21059): Implemented 52 output pins
    Info (21061): Implemented 1064 logic cells
Info: Quartus Prime Analysis & Synthesis was successful. 0 errors, 11 warnings
    Info: Peak virtual memory: 4841 megabytes
    Info: Processing ended: Sat Apr 22 16:58:17 2023
    Info: Elapsed time: 00:00:25
    Info: Total CPU time (on all processors): 00:00:42


