------------------------------------------------------------
Timing Analyzer Summary
------------------------------------------------------------

Type  : Slow 1100mV 85C Model Setup 'CLOCK_50'
Slack : -9.433
TNS   : -3687.933

Type  : Slow 1100mV 85C Model Hold 'CLOCK_50'
Slack : 0.541
TNS   : 0.000

Type  : Slow 1100mV 85C Model Recovery 'KEY[0]'
Slack : -4.225
TNS   : -4.225

Type  : Slow 1100mV 85C Model Recovery 'KEY[1]'
Slack : -3.815
TNS   : -3.815

Type  : Slow 1100mV 85C Model Removal 'KEY[1]'
Slack : 1.145
TNS   : 0.000

Type  : Slow 1100mV 85C Model Removal 'KEY[0]'
Slack : 1.673
TNS   : 0.000

Type  : Slow 1100mV 85C Model Minimum Pulse Width 'CLOCK_50'
Slack : -0.538
TNS   : -511.703

Type  : Slow 1100mV 85C Model Minimum Pulse Width 'KEY[1]'
Slack : -0.538
TNS   : -0.872

Type  : Slow 1100mV 85C Model Minimum Pulse Width 'KEY[0]'
Slack : -0.538
TNS   : -0.862

Type  : Slow 1100mV 0C Model Setup 'CLOCK_50'
Slack : -9.682
TNS   : -3637.109

Type  : Slow 1100mV 0C Model Hold 'CLOCK_50'
Slack : 0.568
TNS   : 0.000

Type  : Slow 1100mV 0C Model Recovery 'KEY[0]'
Slack : -4.443
TNS   : -4.443

Type  : Slow 1100mV 0C Model Recovery 'KEY[1]'
Slack : -4.014
TNS   : -4.014

Type  : Slow 1100mV 0C Model Removal 'KEY[1]'
Slack : 1.250
TNS   : 0.000

Type  : Slow 1100mV 0C Model Removal 'KEY[0]'
Slack : 1.756
TNS   : 0.000

Type  : Slow 1100mV 0C Model Minimum Pulse Width 'CLOCK_50'
Slack : -0.538
TNS   : -457.551

Type  : Slow 1100mV 0C Model Minimum Pulse Width 'KEY[1]'
Slack : -0.538
TNS   : -0.900

Type  : Slow 1100mV 0C Model Minimum Pulse Width 'KEY[0]'
Slack : -0.538
TNS   : -0.845

Type  : Fast 1100mV 85C Model Setup 'CLOCK_50'
Slack : -4.249
TNS   : -1630.023

Type  : Fast 1100mV 85C Model Hold 'CLOCK_50'
Slack : 0.200
TNS   : 0.000

Type  : Fast 1100mV 85C Model Recovery 'KEY[0]'
Slack : -1.809
TNS   : -1.809

Type  : Fast 1100mV 85C Model Recovery 'KEY[1]'
Slack : -1.539
TNS   : -1.539

Type  : Fast 1100mV 85C Model Removal 'KEY[1]'
Slack : 0.241
TNS   : 0.000

Type  : Fast 1100mV 85C Model Removal 'KEY[0]'
Slack : 0.563
TNS   : 0.000

Type  : Fast 1100mV 85C Model Minimum Pulse Width 'KEY[1]'
Slack : -0.434
TNS   : -1.341

Type  : Fast 1100mV 85C Model Minimum Pulse Width 'CLOCK_50'
Slack : -0.404
TNS   : -260.347

Type  : Fast 1100mV 85C Model Minimum Pulse Width 'KEY[0]'
Slack : -0.391
TNS   : -1.120

Type  : Fast 1100mV 0C Model Setup 'CLOCK_50'
Slack : -3.777
TNS   : -1402.857

Type  : Fast 1100mV 0C Model Hold 'CLOCK_50'
Slack : 0.194
TNS   : 0.000

Type  : Fast 1100mV 0C Model Recovery 'KEY[0]'
Slack : -1.580
TNS   : -1.580

Type  : Fast 1100mV 0C Model Recovery 'KEY[1]'
Slack : -1.307
TNS   : -1.307

Type  : Fast 1100mV 0C Model Removal 'KEY[1]'
Slack : 0.199
TNS   : 0.000

Type  : Fast 1100mV 0C Model Removal 'KEY[0]'
Slack : 0.509
TNS   : 0.000

Type  : Fast 1100mV 0C Model Minimum Pulse Width 'KEY[1]'
Slack : -0.486
TNS   : -1.548

Type  : Fast 1100mV 0C Model Minimum Pulse Width 'KEY[0]'
Slack : -0.445
TNS   : -1.364

Type  : Fast 1100mV 0C Model Minimum Pulse Width 'CLOCK_50'
Slack : -0.444
TNS   : -313.551

------------------------------------------------------------
